Current dir: D:\laragon\www\group2515C
ENV FIREBASE_CREDENTIALS: 
Config credentials: D:\laragon\www\group2515C\firebase_credentials.json
Error: Unable to create a FirestoreClient: Class "Google\Cloud\Firestore\FirestoreClient" not found
